Analyzing iqamty.v1...                                          

   info - Use the null-aware marker '?' rather than a null check via an 'if' - lib\src\services\firestore_service.dart:144:7 - use_null_aware_elements
   info - Don't use 'BuildContext's across async gaps - lib\src\views\forum_view.dart:48:21 - use_build_context_synchronously
   info - Don't use 'BuildContext's across async gaps - lib\src\views\forum_view.dart:50:28 - use_build_context_synchronously

